
  INPUT
  
    Reading options from /home_val/sbazzi/Beyond_lys_cys/Backbone/Revise1_Comm_Chem/Refinemnt/Paper_Git/6pgd_Refinment/6pgd-NOS-Refinment/.phenix/project_data/ready_set_1.eff
    Writing effective parameters to 6pgd_final.eff
    Reading ligand cache from environmental variable
      READY_SET_LIGAND_CACHE_DIRECTORY
        - "/home_val/sbazzi/Beyond_lys_cys/Backbone/Revise1_Comm_Chem/Refinemnt/Paper_Git/6pgd_Refinment/6pgd-NOS-Refinment/.phenix/tmp"

  Preparation for phenix.refine

    Generate "edits" from PDB LINK records
    

    Add hydrogens
      - to protein model using phenix.reduce
      - to ligands using eLBOW, phenix.elbow

  Attempting to download Chemical Components file for OK4
  Running eLBOW on OK4.cif

MoleculeClass :  C:19  N: 6  O: 5 (CHEMICAL COMPONENTS format)
	62 atoms
	62 bonds
	110 angles
	152 dihedrals
	1 rings (groups, rings, atoms) 1 5
	3 chirals : S S S 

  Build ligand and use user provided restraints : OK4

  User defined restraints for OK4 added to output restraints

  OUTPUT
  
    Writing link edits to 6pgd_final.link.edits
    Writing model to 6pgd_final.updated.pdb
    Writing restraints to 6pgd_final.ligands.cif
      OK4
Optimize H/D positions using phenix.geometry_minimization
phenix.geometry_minimization "/home_val/sbazzi/Beyond_lys_cys/Backbone/Revise1_Comm_Chem/Refinemnt/Paper_Git/6pgd_Refinment/6pgd-NOS-Refinment/ReadySet_1/6pgd_final.updated.pdb" "/home_val/sbazzi/Beyond_lys_cys/Backbone/Revise1_Comm_Chem/Refinemnt/Paper_Git/6pgd_Refinment/6pgd-NOS-Refinment/ReadySet_1/6pgd_final.ligands.cif" use_neutron_distances=False output_file_name_prefix=6pgd_final.updated selection="element H or element D" write_geo_file=False fix_rotamer_outliers=False silent=True correct_hydrogens=True
